Test log system.
Second message
Test log system.
Test log system.


Second message
